# uboot启动日志

```
In
Channel 0: LPDDR3, 933MHz
CS = 0
MR0=0x58
MR1=0x58
MR2=0x58
MR3=0x58
MR4=0x2
MR5=0x1
MR6=0x5
MR7=0x0
MR8=0x1F
MR9=0x1F
MR10=0x1F
MR11=0x1F
MR12=0x1F
MR13=0x1F
MR14=0x1F
MR15=0x1F
MR16=0x1F
CS = 1
MR0=0x58
MR1=0x58
MR2=0x58
MR3=0x58
MR4=0x2
MR5=0x1
MR6=0x5
MR7=0x0
MR8=0x1F
MR9=0x1F
MR10=0x1F
MR11=0x1F
MR12=0x1F
MR13=0x1F
MR14=0x1F
MR15=0x1F
MR16=0x1F
Bus Width=32 Col=10 Bank=8 Row=15/15 CS=2 Die Bus-Width=32 Size=2048MB
Channel 1: LPDDR3, 933MHz
CS = 0
MR0=0x58
MR1=0x58
MR2=0x58
MR3=0x58
MR4=0x2
MR5=0x1
MR6=0x5
MR7=0x0
MR8=0x1F
MR9=0x1F
MR10=0x1F
MR11=0x1F
MR12=0x1F
MR13=0x1F
MR14=0x1F
MR15=0x1F
MR16=0x1F
CS = 1
MR0=0x58
MR1=0x58
MR2=0x58
MR3=0x58
MR4=0x2
MR5=0x1
MR6=0x5
MR7=0x0
MR8=0x1F
MR9=0x1F
MR10=0x1F
MR11=0x1F
MR12=0x1F
MR13=0x1F
MR14=0x1F
MR15=0x1F
MR16=0x1F
Bus Width=32 Col=10 Bank=8 Row=15/15 CS=2 Die Bus-Width=32 Size=2048MB
256B stride
ch 0 ddrconfig = 0x101, ddrsize = 0x2020
ch 1 ddrconfig = 0x101, ddrsize = 0x2020
pmugrf_os_reg[2] = 0x3AA0DAA0, stride = 0xD
OUT
Boot1 Release Time: May 29 2020 17:36:36, version: 1.26
CPUId = 0x0
ChipType = 0x10, 332
SdmmcInit=2 0
BootCapSize=100000
UserCapSize=14910MB
FwPartOffset=2000 , 100000
mmc0:cmd8,20
mmc0:cmd5,20
mmc0:cmd55,20
mmc0:cmd1,20
mmc0:cmd8,20
mmc0:cmd5,20
mmc0:cmd55,20
mmc0:cmd1,20
mmc0:cmd8,20
mmc0:cmd5,20
mmc0:cmd55,20
mmc0:cmd1,20
SdmmcInit=0 1
StorageInit ok = 68470
SecureMode = 0
SecureInit read PBA: 0x4
SecureInit read PBA: 0x404
SecureInit read PBA: 0x804
SecureInit read PBA: 0xc04
SecureInit read PBA: 0x1004
SecureInit read PBA: 0x1404
SecureInit read PBA: 0x1804
SecureInit read PBA: 0x1c04
SecureInit ret = 0, SecureMode = 0
atags_set_bootdev: ret:(0)
GPT part:  0, name:            uboot, start:0x2000, size:0x2000
GPT part:  1, name:            trust, start:0x4000, size:0x2000
GPT part:  2, name:         resource, start:0x6000, size:0xa000
GPT part:  3, name:           kernel, start:0x10000, size:0x10000
GPT part:  4, name:             boot, start:0x20000, size:0xffffffff
find part:uboot OK. first_lba:0x2000.
find part:trust OK. first_lba:0x4000.
Trust Addr:0x4000, 0x44414f4c
No find bl30.bin
No find bl32.bin
Load uboot, ReadLba = 2000
hdr 000000000338c8a0 + 0x0:0x00,0x00,0x00,0x00,0x00,0x00,0x00,0x00,0x00,0x00,0x00,0x00,0x00,0x00,0x00,0x00,

Load OK, addr=0x200000, size=0x98cf8
RunBL31 0x40000 @ 98243 us
NOTICE:  BL31: v1.3(release):845ee93
NOTICE:  BL31: Built : 15:51:11, Jul 22 2020
NOTICE:  BL31: Rockchip release version: v1.1
INFO:    GICv3 with legacy support detected. ARM GICV3 driver initialized in EL3
INFO:    Using opteed sec cpu_context!
INFO:    boot cpu mask: 0
INFO:    plat_rockchip_pmu_init(1196): pd status 3e
INFO:    BL31: Initializing runtime services
WARNING: No OPTEE provided by BL2 boot loader, Booting device without OPTEE initialization. SMC`s destined for OPTEE will return SMC_UNK
ERROR:   Error initializing runtime service opteed_fast
INFO:    BL31: Preparing for EL3 exit to normal world
INFO:    Entry point address = 0x200000
INFO:    SPSR = 0x3c9


U-Boot 2022.07-armbian_yyf (May 08 2023 - 17:55:31 +0800)

SoC: Rockchip rk3399
Reset cause: POR
Model: OPEN AI LAB EAIDK-610
DRAM:  3.9 GiB
PMIC:  RK808
Core:  276 devices, 23 uclasses, devicetree: separate
MMC:   mmc@fe310000: 3, mmc@fe320000: 1, mmc@fe330000: 0
Loading Environment from MMC... *** Warning - bad CRC, using default environment

In:    serial@ff1a0000
Out:   serial@ff1a0000
Err:   serial@ff1a0000
Model: OPEN AI LAB EAIDK-610
Net:   Net Initialization Skipped
No ethernet found.
Hit any key to stop autoboot:  0
starting USB...
Bus usb@fe380000: ehci_generic usb@fe380000: Failed to get resets (err=-524)
probe failed, error -524
Bus usb@fe3c0000: ehci_generic usb@fe3c0000: Failed to get resets (err=-524)
probe failed, error -524
Bus usb@fe800000: Register 2000140 NbrPorts 2
Starting the controller
USB XHCI 1.10
Bus usb@fe900000: Register 2000140 NbrPorts 2
Starting the controller
USB XHCI 1.10
scanning bus usb@fe800000 for devices... 1 USB Device(s) found
scanning bus usb@fe900000 for devices... 3 USB Device(s) found
       scanning usb for storage devices... 0 Storage Device(s) found

Device 0: unknown device
Card did not respond to voltage select! : -110
switch to partitions #0, OK
mmc0(part 0) is current device
Scanning mmc 0:1...
Found U-Boot script /boot/boot.scr
3339 bytes read in 16 ms (203.1 KiB/s)
## Executing script at 00500000
Boot script loaded from mmc 0
203 bytes read in 13 ms (14.6 KiB/s)
22985389 bytes read in 2196 ms (10 MiB/s)
29295104 bytes read in 2788 ms (10 MiB/s)
83213 bytes read in 40 ms (2 MiB/s)
2698 bytes read in 32 ms (82 KiB/s)
Applying kernel provided DT fixup script (rockchip-fixup.scr)
## Executing script at 09000000
Unknown command 'kaslrseed' - try 'help'
Moving Image from 0x2080000 to 0x2200000, end=3e90000
## Loading init Ramdisk from Legacy Image at 06000000 ...
   Image Name:   uInitrd
   Image Type:   AArch64 Linux RAMDisk Image (gzip compressed)
   Data Size:    22985325 Bytes = 21.9 MiB
   Load Address: 00000000
   Entry Point:  00000000
   Verifying Checksum ... OK
## Flattened Device Tree blob at 01f00000
   Booting using the fdt blob at 0x1f00000
Host not halted after 16000 microseconds.
Host not halted after 16000 microseconds.
   Loading Ramdisk to f4951000, end f5f3ca6d ... OK
   Loading Device Tree to 00000000f48d4000, end 00000000f4950fff ... OK

Starting kernel ...

[    0.000000] Booting Linux on physical CPU 0x0000000000 [0x410fd034]
[    0.000000] Linux version 6.1.11-rockchip64 (root@52d12ff355f0) (aarch64-linux-gnu-gcc (GNU Toolchain for the A-profile Architecture 8.3-2019.03 (arm-rel-8.36)) 8.3.0, GNU ld (GNU Toolchain for the A-profile Architecture 8.3-2019.03 (arm-rel-8.36)) 2.32.0.20190321) #23.02.2 SMP PREEMPT Sat Feb 18 00:08:25 UTC 2023
[    0.000000] Machine model: OPEN AI LAB EAIDK-610
[    0.000000] efi: UEFI not found.
[    0.000000] NUMA: No NUMA configuration found
[    0.000000] NUMA: Faking a node at [mem 0x0000000000200000-0x00000000f7ffffff]
[    0.000000] NUMA: NODE_DATA [mem 0xf77c7a80-0xf77c9fff]
[    0.000000] Zone ranges:
[    0.000000]   DMA      [mem 0x0000000000200000-0x00000000f7ffffff]
[    0.000000]   DMA32    empty
[    0.000000]   Normal   empty
[    0.000000] Movable zone start for each node
[    0.000000] Early memory node ranges
[    0.000000]   node   0: [mem 0x0000000000200000-0x00000000f7ffffff]
[    0.000000] Initmem setup node 0 [mem 0x0000000000200000-0x00000000f7ffffff]
[    0.000000] On node 0, zone DMA: 512 pages in unavailable ranges
[    0.000000] cma: Reserved 128 MiB at 0x00000000e8a00000
[    0.000000] psci: probing for conduit method from DT.
[    0.000000] psci: PSCIv1.0 detected in firmware.
[    0.000000] psci: Using standard PSCI v0.2 function IDs
[    0.000000] psci: MIGRATE_INFO_TYPE not supported.
[    0.000000] psci: SMC Calling Convention v1.0
[    0.000000] percpu: Embedded 30 pages/cpu s82472 r8192 d32216 u122880
[    0.000000] Detected VIPT I-cache on CPU0
[    0.000000] CPU features: detected: GIC system register CPU interface
[    0.000000] CPU features: detected: ARM erratum 845719
[    0.000000] alternatives: applying boot alternatives
[    0.000000] Fallback order for Node 0: 0
[    0.000000] Built 1 zonelists, mobility grouping on.  Total pages: 999432
[    0.000000] Policy zone: DMA
[    0.000000] Kernel command line: root=UUID=8867ff7c-0eb7-40b9-90e8-e750164c3797 rootwait rootfstype=ext4 splash plymouth.ignore-serial-consoles console=ttyS2,1500000 console=tty1 consoleblank=0 loglevel=7 ubootpart=cdf3e7bb-01 usb-storage.quirks=0x2537:0x1066:u,0x2537:0x1068:u   cgroup_enable=cpuset cgroup_memory=1 cgroup_enable=memory swapaccount=1
[    0.000000] The swapaccount= commandline option is deprecated. Please report your usecase to linux-mm@kvack.org if you depend on this functionality.
[    0.000000] Unknown kernel command line parameters "splash ubootpart=cdf3e7bb-01 cgroup_enable=memory cgroup_memory=1", will be passed to user space.
[    0.000000] Dentry cache hash table entries: 524288 (order: 10, 4194304 bytes, linear)
[    0.000000] Inode-cache hash table entries: 262144 (order: 9, 2097152 bytes, linear)
[    0.000000] mem auto-init: stack:off, heap alloc:on, heap free:off
[    0.000000] Memory: 3799552K/4061184K available (16448K kernel code, 2240K rwdata, 5832K rodata, 3968K init, 585K bss, 130560K reserved, 131072K cma-reserved)
[    0.000000] SLUB: HWalign=64, Order=0-3, MinObjects=0, CPUs=6, Nodes=1
[    0.000000] trace event string verifier disabled
[    0.000000] rcu: Preemptible hierarchical RCU implementation.
[    0.000000] rcu: 	RCU event tracing is enabled.
[    0.000000] rcu: 	RCU restricting CPUs from NR_CPUS=256 to nr_cpu_ids=6.
[    0.000000] 	Trampoline variant of Tasks RCU enabled.
[    0.000000] 	Tracing variant of Tasks RCU enabled.
[    0.000000] rcu: RCU calculated value of scheduler-enlistment delay is 25 jiffies.
[    0.000000] rcu: Adjusting geometry for rcu_fanout_leaf=16, nr_cpu_ids=6
[    0.000000] NR_IRQS: 64, nr_irqs: 64, preallocated irqs: 0
[    0.000000] GICv3: GIC: Using split EOI/Deactivate mode
[    0.000000] GICv3: 256 SPIs implemented
[    0.000000] GICv3: 0 Extended SPIs implemented
[    0.000000] Root IRQ handler: gic_handle_irq
[    0.000000] GICv3: GICv3 features: 16 PPIs
[    0.000000] GICv3: CPU0: found redistributor 0 region 0:0x00000000fef00000
[    0.000000] ITS [mem 0xfee20000-0xfee3ffff]
[    0.000000] ITS@0x00000000fee20000: allocated 65536 Devices @500000 (flat, esz 8, psz 64K, shr 0)
[    0.000000] ITS: using cache flushing for cmd queue
[    0.000000] GICv3: using LPI property table @0x00000000004d0000
[    0.000000] GIC: using cache flushing for LPI property table
[    0.000000] GICv3: CPU0: using allocated LPI pending table @0x00000000004e0000
[    0.000000] GICv3: GIC: PPI partition interrupt-partition-0[0] { /cpus/cpu@0[0] /cpus/cpu@1[1] /cpus/cpu@2[2] /cpus/cpu@3[3] }
[    0.000000] GICv3: GIC: PPI partition interrupt-partition-1[1] { /cpus/cpu@100[4] /cpus/cpu@101[5] }
[    0.000000] rcu: srcu_init: Setting srcu_struct sizes based on contention.
[    0.000000] arch_timer: cp15 timer(s) running at 24.00MHz (phys).
[    0.000000] clocksource: arch_sys_counter: mask: 0xffffffffffffff max_cycles: 0x588fe9dc0, max_idle_ns: 440795202592 ns
[    0.000001] sched_clock: 56 bits at 24MHz, resolution 41ns, wraps every 4398046511097ns
[    0.001475] Console: colour dummy device 80x25
[    0.002590] printk: console [tty1] enabled
[    0.002719] Calibrating delay loop (skipped), value calculated using timer frequency.. 48.00 BogoMIPS (lpj=96000)
[    0.002768] pid_max: default: 32768 minimum: 301
[    0.002916] LSM: Security Framework initializing
[    0.002980] Yama: becoming mindful.
[    0.003147] AppArmor: AppArmor initialized
[    0.003207] Stack Depot allocating hash table of 262144 entries with kvcalloc
[    0.003925] Mount-cache hash table entries: 8192 (order: 4, 65536 bytes, linear)
[    0.003986] Mountpoint-cache hash table entries: 8192 (order: 4, 65536 bytes, linear)
[    0.006205] cacheinfo: Unable to detect cache hierarchy for CPU 0
[    0.007634] cblist_init_generic: Setting adjustable number of callback queues.
[    0.007678] cblist_init_generic: Setting shift to 3 and lim to 1.
[    0.007870] cblist_init_generic: Setting shift to 3 and lim to 1.
[    0.008296] rcu: Hierarchical SRCU implementation.
[    0.008323] rcu: 	Max phase no-delay instances is 1000.
[    0.010209] Platform MSI: interrupt-controller@fee20000 domain created
[    0.010774] PCI/MSI: /interrupt-controller@fee00000/interrupt-controller@fee20000 domain created
[    0.013179] EFI services will not be available.
[    0.013995] smp: Bringing up secondary CPUs ...
[    0.015089] Detected VIPT I-cache on CPU1
[    0.015224] cacheinfo: Unable to detect cache hierarchy for CPU 1
[    0.015245] GICv3: CPU1: found redistributor 1 region 0:0x00000000fef20000
[    0.015268] GICv3: CPU1: using allocated LPI pending table @0x00000000004f0000
[    0.015335] CPU1: Booted secondary processor 0x0000000001 [0x410fd034]
[    0.016523] Detected VIPT I-cache on CPU2
[    0.016632] cacheinfo: Unable to detect cache hierarchy for CPU 2
[    0.016649] GICv3: CPU2: found redistributor 2 region 0:0x00000000fef40000
[    0.016669] GICv3: CPU2: using allocated LPI pending table @0x0000000000580000
[    0.016715] CPU2: Booted secondary processor 0x0000000002 [0x410fd034]
[    0.017937] Detected VIPT I-cache on CPU3
[    0.018050] cacheinfo: Unable to detect cache hierarchy for CPU 3
[    0.018068] GICv3: CPU3: found redistributor 3 region 0:0x00000000fef60000
[    0.018088] GICv3: CPU3: using allocated LPI pending table @0x0000000000590000
[    0.018134] CPU3: Booted secondary processor 0x0000000003 [0x410fd034]
[    0.019274] CPU features: detected: Spectre-v2
[    0.019289] CPU features: detected: Spectre-v4
[    0.019294] CPU features: detected: Spectre-BHB
[    0.019303] CPU features: detected: ARM erratum 1742098
[    0.019310] CPU features: detected: ARM errata 1165522, 1319367, or 1530923
[    0.019316] Detected PIPT I-cache on CPU4
[    0.019427] cacheinfo: Unable to detect cache hierarchy for CPU 4
[    0.019443] GICv3: CPU4: found redistributor 100 region 0:0x00000000fef80000
[    0.019462] GICv3: CPU4: using allocated LPI pending table @0x00000000005a0000
[    0.019505] CPU4: Booted secondary processor 0x0000000100 [0x410fd082]
[    0.020652] Detected PIPT I-cache on CPU5
[    0.020750] cacheinfo: Unable to detect cache hierarchy for CPU 5
[    0.020765] GICv3: CPU5: found redistributor 101 region 0:0x00000000fefa0000
[    0.020783] GICv3: CPU5: using allocated LPI pending table @0x00000000005b0000
[    0.020817] CPU5: Booted secondary processor 0x0000000101 [0x410fd082]
[    0.020974] smp: Brought up 1 node, 6 CPUs
[    0.021487] SMP: Total of 6 processors activated.
[    0.021512] CPU features: detected: 32-bit EL0 Support
[    0.021534] CPU features: detected: 32-bit EL1 Support
[    0.021559] CPU features: detected: CRC32 instructions
[    0.021711] CPU: All CPU(s) started at EL2
[    0.021746] alternatives: applying system-wide alternatives
[    0.025557] devtmpfs: initialized
[    0.042553] Registered cp15_barrier emulation handler
[    0.042596] Registered setend emulation handler
[    0.042837] clocksource: jiffies: mask: 0xffffffff max_cycles: 0xffffffff, max_idle_ns: 7645041785100000 ns
[    0.042904] futex hash table entries: 2048 (order: 5, 131072 bytes, linear)
[    0.045722] pinctrl core: initialized pinctrl subsystem
[    0.046421] DMI not present or invalid.
[    0.047275] NET: Registered PF_NETLINK/PF_ROUTE protocol family
[    0.049958] DMA: preallocated 2048 KiB GFP_KERNEL pool for atomic allocations
[    0.051343] DMA: preallocated 2048 KiB GFP_KERNEL|GFP_DMA pool for atomic allocations
[    0.052551] DMA: preallocated 2048 KiB GFP_KERNEL|GFP_DMA32 pool for atomic allocations
[    0.052645] audit: initializing netlink subsys (disabled)
[    0.052914] audit: type=2000 audit(0.048:1): state=initialized audit_enabled=0 res=1
[    0.054180] thermal_sys: Registered thermal governor 'fair_share'
[    0.054189] thermal_sys: Registered thermal governor 'bang_bang'
[    0.054210] thermal_sys: Registered thermal governor 'step_wise'
[    0.054224] thermal_sys: Registered thermal governor 'user_space'
[    0.054295] cpuidle: using governor menu
[    0.054657] hw-breakpoint: found 6 breakpoint and 4 watchpoint registers.
[    0.054902] ASID allocator initialised with 65536 entries
[    0.056158] Serial: AMBA PL011 UART driver
[    0.082673] platform ff770000.syscon:phy@f780: Fixing up cyclic dependency with fe330000.mmc
[    0.088782] platform ff940000.hdmi: Fixing up cyclic dependency with ff8f0000.vop
[    0.088869] platform ff940000.hdmi: Fixing up cyclic dependency with ff900000.vop
[    0.100895] rockchip-gpio ff720000.gpio: probed /pinctrl/gpio@ff720000
[    0.101790] rockchip-gpio ff730000.gpio: probed /pinctrl/gpio@ff730000
[    0.102583] rockchip-gpio ff780000.gpio: probed /pinctrl/gpio@ff780000
[    0.103359] rockchip-gpio ff788000.gpio: probed /pinctrl/gpio@ff788000
[    0.104157] rockchip-gpio ff790000.gpio: probed /pinctrl/gpio@ff790000
[    0.124725] HugeTLB: registered 1.00 GiB page size, pre-allocated 0 pages
[    0.124755] HugeTLB: 16380 KiB vmemmap can be freed for a 1.00 GiB page
[    0.124775] HugeTLB: registered 32.0 MiB page size, pre-allocated 0 pages
[    0.124791] HugeTLB: 508 KiB vmemmap can be freed for a 32.0 MiB page
[    0.124808] HugeTLB: registered 2.00 MiB page size, pre-allocated 0 pages
[    0.124823] HugeTLB: 28 KiB vmemmap can be freed for a 2.00 MiB page
[    0.124840] HugeTLB: registered 64.0 KiB page size, pre-allocated 0 pages
[    0.124855] HugeTLB: 0 KiB vmemmap can be freed for a 64.0 KiB page
[    0.126011] cryptd: max_cpu_qlen set to 1000
[    0.193426] raid6: neonx8   gen()  1659 MB/s
[    0.261581] raid6: neonx4   gen()  1709 MB/s
[    0.329738] raid6: neonx2   gen()  1532 MB/s
[    0.397908] raid6: neonx1   gen()  1194 MB/s
[    0.466060] raid6: int64x8  gen()  1003 MB/s
[    0.534226] raid6: int64x4  gen()   998 MB/s
[    0.602371] raid6: int64x2  gen()   940 MB/s
[    0.670539] raid6: int64x1  gen()   726 MB/s
[    0.670553] raid6: using algorithm neonx4 gen() 1709 MB/s
[    0.738681] raid6: .... xor() 1214 MB/s, rmw enabled
[    0.738698] raid6: using neon recovery algorithm
[    0.742768] iommu: Default domain type: Translated
[    0.742795] iommu: DMA domain TLB invalidation policy: strict mode
[    0.743287] SCSI subsystem initialized
[    0.743854] usbcore: registered new interface driver usbfs
[    0.743918] usbcore: registered new interface driver hub
[    0.743974] usbcore: registered new device driver usb
[    0.744663] pps_core: LinuxPPS API ver. 1 registered
[    0.744680] pps_core: Software ver. 5.3.6 - Copyright 2005-2007 Rodolfo Giometti <giometti@linux.it>
[    0.744711] PTP clock support registered
[    0.745009] EDAC MC: Ver: 3.0.0
[    0.746660] NetLabel: Initializing
[    0.746681] NetLabel:  domain hash size = 128
[    0.746695] NetLabel:  protocols = UNLABELED CIPSOv4 CALIPSO
[    0.746776] NetLabel:  unlabeled traffic allowed by default
[    0.746975] vgaarb: loaded
[    0.747566] clocksource: Switched to clocksource arch_sys_counter
[    0.748050] VFS: Disk quotas dquot_6.6.0
[    0.748131] VFS: Dquot-cache hash table entries: 512 (order 0, 4096 bytes)
[    0.749019] AppArmor: AppArmor Filesystem Enabled
[    0.761989] NET: Registered PF_INET protocol family
[    0.762338] IP idents hash table entries: 65536 (order: 7, 524288 bytes, linear)
[    0.767260] tcp_listen_portaddr_hash hash table entries: 2048 (order: 3, 32768 bytes, linear)
[    0.767479] Table-perturb hash table entries: 65536 (order: 6, 262144 bytes, linear)
[    0.767604] TCP established hash table entries: 32768 (order: 6, 262144 bytes, linear)
[    0.768216] TCP bind hash table entries: 32768 (order: 8, 1048576 bytes, linear)
[    0.769516] TCP: Hash tables configured (established 32768 bind 32768)
[    0.769725] UDP hash table entries: 2048 (order: 4, 65536 bytes, linear)
[    0.769905] UDP-Lite hash table entries: 2048 (order: 4, 65536 bytes, linear)
[    0.770293] NET: Registered PF_UNIX/PF_LOCAL protocol family
[    0.770367] NET: Registered PF_XDP protocol family
[    0.770392] PCI: CLS 0 bytes, default 64
[    0.771076] Trying to unpack rootfs image as initramfs...
[    0.784523] hw perfevents: enabled with armv8_cortex_a53 PMU driver, 7 counters available
[    0.785157] hw perfevents: enabled with armv8_cortex_a72 PMU driver, 7 counters available
[    0.785994] kvm [1]: IPA Size Limit: 40 bits
[    0.787376] kvm [1]: vgic-v2@fff20000
[    0.787425] kvm [1]: GIC system register CPU interface enabled
[    0.787769] kvm [1]: vgic interrupt IRQ18
[    0.788071] kvm [1]: Hyp mode initialized successfully
[    0.790796] Initialise system trusted keyrings
[    0.790896] Key type blacklist registered
[    0.791225] workingset: timestamp_bits=44 max_order=20 bucket_order=0
[    0.799321] zbud: loaded
[    0.801462] squashfs: version 4.0 (2009/01/31) Phillip Lougher
[    0.802515] fuse: init (API version 7.37)
[    0.805644] integrity: Platform Keyring initialized
[    0.870051] xor: measuring software checksum speed
[    0.873454]    8regs           :  2931 MB/sec
[    0.876672]    32regs          :  3088 MB/sec
[    0.880898]    arm64_neon      :  2346 MB/sec
[    0.880916] xor: using function: 32regs (3088 MB/sec)
[    0.880938] Key type asymmetric registered
[    0.880952] Asymmetric key parser 'x509' registered
[    2.410605] Freeing initrd memory: 22444K
[    2.439046] alg: self-tests for CTR-KDF (hmac(sha256)) passed
[    2.439163] Block layer SCSI generic (bsg) driver version 0.4 loaded (major 246)
[    2.439377] io scheduler mq-deadline registered
[    2.439400] io scheduler kyber registered
[    2.439706] io scheduler bfq registered
[    2.454308] dma-pl330 ff6d0000.dma-controller: Loaded driver for PL330 DMAC-241330
[    2.454348] dma-pl330 ff6d0000.dma-controller: 	DBUFF-32x8bytes Num_Chans-6 Num_Peri-12 Num_Events-12
[    2.456078] dma-pl330 ff6e0000.dma-controller: Loaded driver for PL330 DMAC-241330
[    2.456107] dma-pl330 ff6e0000.dma-controller: 	DBUFF-128x8bytes Num_Chans-8 Num_Peri-20 Num_Events-16
[    2.459982] Serial: 8250/16550 driver, 8 ports, IRQ sharing disabled
[    2.463610] ff180000.serial: ttyS0 at MMIO 0xff180000 (irq = 38, base_baud = 1500000) is a 16550A
[    2.463812] serial serial0: tty port ttyS0 registered
[    2.464992] ff1a0000.serial: ttyS2 at MMIO 0xff1a0000 (irq = 39, base_baud = 1500000) is a 16550A
[    2.590783] printk: console [ttyS2] enabled
[    2.592522] Serial: AMBA driver
[    2.594652] random: crng init done
[    2.599703] rockchip-vop ff8f0000.vop: Adding to iommu group 2
[    2.601047] rockchip-vop ff900000.vop: Adding to iommu group 3
[    2.609418] rockchip-drm display-subsystem: bound ff8f0000.vop (ops vop_component_ops)
[    2.610242] [drm] unsupported AFBC format[3231564e]
[    2.611870] rockchip-drm display-subsystem: bound ff900000.vop (ops vop_component_ops)
[    2.612697] dwhdmi-rockchip ff940000.hdmi: supply avdd-0v9 not found, using dummy regulator
[    2.613620] dwhdmi-rockchip ff940000.hdmi: supply avdd-1v8 not found, using dummy regulator
[    2.615517] cacheinfo: Unable to detect cache hierarchy for CPU 0
[    2.625123] loop: module loaded
[    2.631032] tun: Universal TUN/TAP device driver, 1.6
[    2.632656] thunder_xcv, ver 1.0
[    2.633000] thunder_bgx, ver 1.0
[    2.633339] nicpf, ver 1.0
[    2.634656] e1000e: Intel(R) PRO/1000 Network Driver
[    2.635105] e1000e: Copyright(c) 1999 - 2015 Intel Corporation.
[    2.635783] igb: Intel(R) Gigabit Ethernet Network Driver
[    2.636273] igb: Copyright (c) 2007-2014 Intel Corporation.
[    2.636810] igbvf: Intel(R) Gigabit Virtual Function Network Driver
[    2.637371] igbvf: Copyright (c) 2009 - 2012 Intel Corporation.
[    2.638185] sky2: driver version 1.30
[    2.639241] VFIO - User Level meta-driver version: 0.3
[    2.651781] xhci-hcd xhci-hcd.0.auto: xHCI Host Controller
[    2.652311] xhci-hcd xhci-hcd.0.auto: new USB bus registered, assigned bus number 1
[    2.652829] ehci-platform fe3c0000.usb: EHCI Host Controller
[    2.652867] ohci-platform fe3e0000.usb: Generic Platform OHCI controller
[    2.652910] ohci-platform fe3e0000.usb: new USB bus registered, assigned bus number 2
[    2.653173] ohci-platform fe3e0000.usb: irq 48, io mem 0xfe3e0000
[    2.653173] xhci-hcd xhci-hcd.0.auto: hcc params 0x0220fe64 hci version 0x110 quirks 0x0000000002010010
[    2.653247] xhci-hcd xhci-hcd.0.auto: irq 46, io mem 0xfe900000
[    2.653506] xhci-hcd xhci-hcd.0.auto: xHCI Host Controller
[    2.653525] ehci-platform fe3c0000.usb: new USB bus registered, assigned bus number 3
[    2.653526] xhci-hcd xhci-hcd.0.auto: new USB bus registered, assigned bus number 4
[    2.653543] xhci-hcd xhci-hcd.0.auto: Host supports USB 3.0 SuperSpeed
[    2.653751] usb usb1: New USB device found, idVendor=1d6b, idProduct=0002, bcdDevice= 6.01
[    2.654269] ehci-platform fe3c0000.usb: irq 47, io mem 0xfe3c0000
[    2.654834] usb usb1: New USB device strings: Mfr=3, Product=2, SerialNumber=1
[    2.661099] usb usb1: Product: xHCI Host Controller
[    2.661543] usb usb1: Manufacturer: Linux 6.1.11-rockchip64 xhci-hcd
[    2.662113] usb usb1: SerialNumber: xhci-hcd.0.auto
[    2.663172] hub 1-0:1.0: USB hub found
[    2.663591] hub 1-0:1.0: 1 port detected
[    2.664420] usb usb4: We don't know the algorithms for LPM for this host, disabling LPM.
[    2.665292] usb usb4: New USB device found, idVendor=1d6b, idProduct=0003, bcdDevice= 6.01
[    2.666038] usb usb4: New USB device strings: Mfr=3, Product=2, SerialNumber=1
[    2.666689] usb usb4: Product: xHCI Host Controller
[    2.667130] usb usb4: Manufacturer: Linux 6.1.11-rockchip64 xhci-hcd
[    2.667591] ehci-platform fe3c0000.usb: USB 2.0 started, EHCI 1.00
[    2.667720] usb usb4: SerialNumber: xhci-hcd.0.auto
[    2.669268] hub 4-0:1.0: USB hub found
[    2.669651] hub 4-0:1.0: 1 port detected
[    2.670528] usbcore: registered new interface driver usb-storage
[    2.670585] usb usb3: New USB device found, idVendor=1d6b, idProduct=0002, bcdDevice= 6.01
[    2.671838] usb usb3: New USB device strings: Mfr=3, Product=2, SerialNumber=1
[    2.672491] usb usb3: Product: EHCI Host Controller
[    2.672936] usb usb3: Manufacturer: Linux 6.1.11-rockchip64 ehci_hcd
[    2.673508] usb usb3: SerialNumber: fe3c0000.usb
[    2.673665] mousedev: PS/2 mouse device common for all mice
[    2.674500] hub 3-0:1.0: USB hub found
[    2.674891] hub 3-0:1.0: 1 port detected
[    2.675525] i2c_dev: i2c /dev entries driver
[    2.681582] rk808 0-001b: chip id: 0x0
[    2.691905] rk808-regulator rk808-regulator: there is no dvs0 gpio
[    2.692494] rk808-regulator rk808-regulator: there is no dvs1 gpio
[    2.693053] rk808-regulator rk808-regulator: max buck steps per change: 8
[    2.715926] usb usb2: New USB device found, idVendor=1d6b, idProduct=0001, bcdDevice= 6.01
[    2.716699] usb usb2: New USB device strings: Mfr=3, Product=2, SerialNumber=1
[    2.717367] usb usb2: Product: Generic Platform OHCI controller
[    2.717915] usb usb2: Manufacturer: Linux 6.1.11-rockchip64 ohci_hcd
[    2.718501] usb usb2: SerialNumber: fe3e0000.usb
[    2.719801] hub 2-0:1.0: USB hub found
[    2.720207] hub 2-0:1.0: 1 port detected
[    2.722194] rk808-rtc rk808-rtc: registered as rtc0
[    2.724398] rk808-rtc rk808-rtc: setting system clock to 2013-01-18T08:50:35 UTC (1358499035)
[    2.727372] fan53555-regulator 0-0040: FAN53555 Option[8] Rev[1] Detected!
[    2.733755] fan53555-regulator 0-0041: FAN53555 Option[8] Rev[1] Detected!
[    2.739309] i2c 4-0022: Fixing up cyclic dependency with fe800000.usb
[    2.745490] dw_wdt ff848000.watchdog: No valid TOPs array specified
[    2.748360] sdhci: Secure Digital Host Controller Interface driver
[    2.748925] sdhci: Copyright(c) Pierre Ossman
[    2.749343] Synopsys Designware Multimedia Card Interface Driver
[    2.751146] sdhci-pltfm: SDHCI platform and OF driver helper
[    2.751958] dwmmc_rockchip fe320000.mmc: IDMAC supports 32-bit address mode.
[    2.752246] dwmmc_rockchip fe310000.mmc: IDMAC supports 32-bit address mode.
[    2.752668] dwmmc_rockchip fe320000.mmc: Using internal DMA controller.
[    2.753286] dwmmc_rockchip fe310000.mmc: Using internal DMA controller.
[    2.753708] mmc2: CQHCI version 5.10
[    2.753866] dwmmc_rockchip fe320000.mmc: Version ID is 270a
[    2.753887] dwmmc_rockchip fe310000.mmc: Version ID is 270a
[    2.754667] dwmmc_rockchip fe320000.mmc: DW MMC controller at irq 65,32 bit host data width,256 deep fifo
[    2.754880] dwmmc_rockchip fe310000.mmc: DW MMC controller at irq 66,32 bit host data width,256 deep fifo
[    2.755755] dwmmc_rockchip fe320000.mmc: Got CD GPIO
[    2.756063] ledtrig-cpu: registered to indicate activity on CPUs
[    2.756366] dwmmc_rockchip fe310000.mmc: allocated mmc-pwrseq
[    2.756385] mmc_host mmc0: card is non-removable.
[    2.760329] hid: raw HID events driver (C) Jiri Kosina
[    2.760927] usbcore: registered new interface driver usbhid
[    2.761432] usbhid: USB HID core driver
[    2.766245] drop_monitor: Initializing network drop monitor service
[    2.767763] NET: Registered PF_INET6 protocol family
[    2.769579] mmc_host mmc1: Bus speed (slot 0) = 400000Hz (slot req 400000Hz, actual 400000HZ div = 0)
[    2.770142] mmc_host mmc0: Bus speed (slot 0) = 400000Hz (slot req 400000Hz, actual 400000HZ div = 0)
[    2.779903] mmc2: SDHCI controller on fe330000.mmc [fe330000.mmc] using ADMA
[    2.796625] Segment Routing with IPv6
[    2.797018] In-situ OAM (IOAM) with IPv6
[    2.797542] NET: Registered PF_PACKET protocol family
[    2.798179] 8021q: 802.1Q VLAN Support v1.8
[    2.798609] Key type dns_resolver registered
[    2.800467] registered taskstats version 1
[    2.800870] Loading compiled-in X.509 certificates
[    2.805170] Loaded X.509 cert 'Build time autogenerated kernel key: 1f229ef70db8557ea7720f8ba585f5219f3c582c'
[    2.811505] zswap: loaded using pool zstd/z3fold
[    2.812569] Key type .fscrypt registered
[    2.812934] Key type fscrypt-provisioning registered
[    2.815921] Btrfs loaded, crc32c=crc32c-generic, zoned=yes, fsverity=yes
[    2.816938] Key type encrypted registered
[    2.817327] AppArmor: AppArmor sha1 policy hashing enabled
[    2.843822] mmc2: Command Queue Engine enabled
[    2.844258] mmc2: new HS200 MMC card at address 0001
[    2.845476] mmcblk2: mmc2:0001 AJTD4R 14.6 GiB
[    2.848042]  mmcblk2: p1
[    2.848829] mmcblk2boot0: mmc2:0001 AJTD4R 4.00 MiB
[    2.850904] mmcblk2boot1: mmc2:0001 AJTD4R 4.00 MiB
[    2.852890] mmcblk2rpmb: mmc2:0001 AJTD4R 4.00 MiB, chardev (242:0)
[    2.880753] mmc_host mmc0: Bus speed (slot 0) = 148500000Hz (slot req 150000000Hz, actual 148500000HZ div = 0)
[    2.899183] rockchip-drm display-subsystem: bound ff8f0000.vop (ops vop_component_ops)
[    2.901367] rockchip-drm display-subsystem: bound ff900000.vop (ops vop_component_ops)
[    2.902296] dwhdmi-rockchip ff940000.hdmi: supply avdd-0v9 not found, using dummy regulator
[    2.903372] dwhdmi-rockchip ff940000.hdmi: supply avdd-1v8 not found, using dummy regulator
[    2.904550] dwhdmi-rockchip ff940000.hdmi: Detected HDMI TX controller v2.11a with HDCP (DWC HDMI 2.0 TX PHY)
[    2.906828] rockchip-drm display-subsystem: bound ff940000.hdmi (ops dw_hdmi_rockchip_ops)
[    2.908854] [drm] Initialized rockchip 1.0.0 20140818 for display-subsystem on minor 0
[    2.909726] rockchip-drm display-subsystem: [drm] Cannot find any crtc or sizes
[    2.910571] rockchip-drm display-subsystem: [drm] Cannot find any crtc or sizes
[    2.919875] WCN: marlin_init entry!
[    2.921321] input: gpio-keys as /devices/platform/gpio-keys/input/input0
[    2.922563] of_cfs_init
[    2.922877] of_cfs_init: OK
[    2.923628] usb 1-1: new high-speed USB device number 2 using xhci-hcd
[    2.927181] Freeing unused kernel memory: 3968K
[    2.939809] Run /init as init process
[    3.083198] usb 1-1: New USB device found, idVendor=05e3, idProduct=0610, bcdDevice= 4.02
[    3.083996] usb 1-1: New USB device strings: Mfr=1, Product=2, SerialNumber=0
[    3.084642] usb 1-1: Product: USB2.0 Hub
[    3.085003] usb 1-1: Manufacturer: GenesysLogic
[    3.134905] hub 1-1:1.0: USB hub found
[    3.135787] hub 1-1:1.0: 4 ports detected
[    3.207875] usb 4-1: new SuperSpeed USB device number 2 using xhci-hcd
[    3.231744] usb 4-1: New USB device found, idVendor=05e3, idProduct=0616, bcdDevice= 4.02
[    3.232505] usb 4-1: New USB device strings: Mfr=1, Product=2, SerialNumber=0
[    3.233149] usb 4-1: Product: USB3.0 Hub
[    3.233511] usb 4-1: Manufacturer: GenesysLogic
[    3.262771] hub 4-1:1.0: USB hub found
[    3.263658] hub 4-1:1.0: 4 ports detected
[    3.275656] dwmmc_rockchip fe310000.mmc: Successfully tuned phase to 215
[    3.282341] mmc0: new ultra high speed SDR104 SDIO card at address 0001
[    3.495605] usb 1-1.3: new full-speed USB device number 3 using xhci-hcd
[    3.547159] pwm-backlight backlight: supply power not found, using dummy regulator
[    3.584173] rk_gmac-dwmac fe300000.ethernet: IRQ eth_wake_irq not found
[    3.584816] rk_gmac-dwmac fe300000.ethernet: IRQ eth_lpi not found
[    3.585613] rk_gmac-dwmac fe300000.ethernet: PTP uses main clock
[    3.586600] rk_gmac-dwmac fe300000.ethernet: clock input or output? (input).
[    3.587264] rk_gmac-dwmac fe300000.ethernet: TX delay(0x28).
[    3.587824] rk_gmac-dwmac fe300000.ethernet: RX delay(0x11).
[    3.588368] rk_gmac-dwmac fe300000.ethernet: integrated PHY? (no).
[    3.589054] rk_gmac-dwmac fe300000.ethernet: cannot get clock clk_mac_speed
[    3.589696] rk_gmac-dwmac fe300000.ethernet: clock input from PHY
[    3.595277] rk_gmac-dwmac fe300000.ethernet: init for RGMII
[    3.596242] rk_gmac-dwmac fe300000.ethernet: User ID: 0x10, Synopsys ID: 0x35
[    3.596852] usb 1-1.3: New USB device found, idVendor=04e2, idProduct=1414, bcdDevice= 0.03
[    3.596926] rk_gmac-dwmac fe300000.ethernet: 	DWMAC1000
[    3.596940] usb 1-1.3: New USB device strings: Mfr=0, Product=0, SerialNumber=0
[    3.596968] rk_gmac-dwmac fe300000.ethernet: DMA HW capability register supported
[    3.596981] rk_gmac-dwmac fe300000.ethernet: RX Checksum Offload Engine supported
[    3.600307] rk_gmac-dwmac fe300000.ethernet: COE Type 2
[    3.600813] rk_gmac-dwmac fe300000.ethernet: TX Checksum insertion supported
[    3.601460] rk_gmac-dwmac fe300000.ethernet: Wake-Up On Lan supported
[    3.602941] rk_gmac-dwmac fe300000.ethernet: Normal descriptors
[    3.603497] rk_gmac-dwmac fe300000.ethernet: Ring mode enabled
[    3.604070] rk_gmac-dwmac fe300000.ethernet: Enable RX Mitigation via HW Watchdog Timer
[    3.699850] panfrost ff9a0000.gpu: clock rate = 500000000
[    3.713028] panfrost ff9a0000.gpu: mali-t860 id 0x860 major 0x2 minor 0x0 status 0x0
[    3.713778] panfrost ff9a0000.gpu: features: 00000000,00000407, issues: 00000000,24040400
[    3.714538] panfrost ff9a0000.gpu: Fea
                                         [    5.498495] EXT4-fs (mmcblk2p1): mounted filesystem with writeback data mode. Quota mode: none.
[    5.891233] systemd[1]: System time before build time, advancing clock.
[    5.910563] systemd[1]: Inserted module 'autofs4'
[    5.960369] systemd[1]: systemd 249.11-0ubuntu3.9 running in system mode (+PAM +AUDIT +SELINUX +APPARMOR +IMA +SMACK +SECCOMP +GCRYPT +GNUTLS +OPENSSL +ACL +BLKID +CURL +ELFUTILS +FIDO2 +IDN2 -IDN +IPTC +KMOD +LIBCRYPTSETUP +LIBFDISK +PCRE2 -PWQUALITY -P11KIT -QRENCODE +BZIP2 +LZ4 +XZ +ZLIB +ZSTD -XKBCOMMON +UTMP +SYSVINIT default-hierarchy=unified)
[    5.964150] systemd[1]: Detected architecture arm64.
[    5.966339] systemd[1]: Hostname set to <eaidk-610>.
[    6.083786] dw-apb-uart ff1a0000.serial: forbid DMA for kernel console
[    6.619187] systemd[1]: Queued start job for default target Graphical Interface.
[    6.638589] systemd[1]: Created slice Slice /system/modprobe.
[    6.641646] systemd[1]: Created slice Slice /system/serial-getty.
[    6.643861] systemd[1]: Created slice User and Session Slice.
[    6.644980] systemd[1]: Started Forward Password Requests to Wall Directory Watch.
[    6.646847] systemd[1]: Set up automount Arbitrary Executable File Formats File System Automount Point.
[    6.648258] systemd[1]: Reached target Remote File Systems.
[    6.648938] systemd[1]: Reached target Slice Units.
[    6.649577] systemd[1]: Reached target Swaps.
[    6.650150] systemd[1]: Reached target System Time Set.
[    6.650897] systemd[1]: Reached target Local Verity Protected Volumes.
[    6.651693] systemd[1]: Reached target Libvirt guests shutdown.
[    6.653148] systemd[1]: Listening on Syslog Socket.
[    6.654374] systemd[1]: Listening on fsck to fsckd communication Socket.
[    6.655429] systemd[1]: Listening on initctl Compatibility Named Pipe.
[    6.657400] systemd[1]: Listening on Journal Audit Socket.
[    6.658635] systemd[1]: Listening on Journal Socket (/dev/log).
[    6.660121] systemd[1]: Listening on Journal Socket.
[    6.661606] systemd[1]: Listening on udev Control Socket.
[    6.662907] systemd[1]: Listening on udev Kernel Socket.
[    6.668911] systemd[1]: Mounting Huge Pages File System...
[    6.675366] systemd[1]: Mounting POSIX Message Queue File System...
[    6.681710] systemd[1]: Mounting Kernel Debug File System...
[    6.688247] systemd[1]: Mounting Kernel Trace File System...
[    6.696130] systemd[1]: Starting Restore / save the current clock...
[    6.703404] systemd[1]: Starting Set the console keyboard layout...
[    6.710342] systemd[1]: Starting Create List of Static Device Nodes...
[    6.717497] systemd[1]: Starting Load Kernel Module chromeos_pstore...
[    6.724752] systemd[1]: Starting Load Kernel Module configfs...
[    6.731975] systemd[1]: Starting Load Kernel Module drm...
[    6.739137] systemd[1]: Starting Load Kernel Module efi_pstore...
[    6.746106] systemd[1]: Starting Load Kernel Module fuse...
[    6.753163] systemd[1]: Starting Load Kernel Module pstore_blk...
[    6.760179] systemd[1]: Starting Load Kernel Module pstore_zone...
[    6.767180] systemd[1]: Starting Load Kernel Module ramoops...
[    6.774460] systemd[1]: Started Nameserver information manager.
[    6.777203] systemd[1]: Condition check resulted in File System Check on Root Device being skipped.
[    6.786287] systemd[1]: Starting Load Kernel Modules...
[    6.796729] systemd[1]: Starting Remount Root and Kernel File Systems...
[    6.810727] systemd[1]: Starting Coldplug All udev Devices...
[    6.825279] systemd[1]: Mounted Huge Pages File System.
[    6.826770] systemd[1]: Mounted POSIX Message Queue File System.
[    6.828274] systemd[1]: Mounted Kernel Debug File System.
[    6.829657] systemd[1]: Mounted Kernel Trace File System.
[    6.832801] systemd[1]: Finished Restore / save the current clock.
[    6.836190] systemd[1]: Finished Create List of Static Device Nodes.
[    6.838924] systemd[1]: modprobe@chromeos_pstore.service: Deactivated successfully.
[    6.841659] systemd[1]: Finished Load Kernel Module chromeos_pstore.
[    6.844344] systemd[1]: modprobe@configfs.service: Deactivated successfully.
[    6.846736] systemd[1]: Finished Load Kernel Module configfs.
[    6.850250] systemd[1]: modprobe@drm.service: Deactivated successfully.
[    6.852551] EXT4-fs (mmcblk2p1): re-mounted. Quota mode: none.
[    6.852676] systemd[1]: Finished Load Kernel Module drm.
[    6.860087] systemd[1]: modprobe@efi_pstore.service: Deactivated successfully.
[    6.862498] systemd[1]: Finished Load Kernel Module efi_pstore.
[    6.865314] systemd[1]: modprobe@fuse.service: Deactivated successfully.
[    6.867690] systemd[1]: Finished Load Kernel Module fuse.
[    6.870167] systemd[1]: modprobe@pstore_blk.service: Deactivated successfully.
[    6.872598] systemd[1]: Finished Load Kernel Module pstore_blk.
[    6.875099] systemd[1]: modprobe@pstore_zone.service: Deactivated successfully.
[    6.877964] systemd[1]: Finished Load Kernel Module pstore_zone.
[    6.880496] systemd[1]: modprobe@ramoops.service: Deactivated successfully.
[    6.882862] systemd[1]: Finished Load Kernel Module ramoops.
[    6.888023] systemd[1]: Finished Load Kernel Modules.
[    6.891147] systemd[1]: Finished Remount Root and Kernel File Systems.
[    6.924374] systemd[1]: Mounting FUSE Control File System...
[    6.933315] systemd[1]: Mounting Kernel Configuration File System...
[    6.934822] systemd[1]: Condition check resulted in Platform Persistent Storage Archival being skipped.
[    6.944384] systemd[1]: Starting Load/Save Random Seed...
[    6.953673] systemd[1]: Starting Apply Kernel Variables...
[    6.963740] systemd[1]: Starting Create System Users...
[    6.982653] systemd[1]: Mounted FUSE Control File System.
[    6.985751] systemd[1]: Mounted Kernel Configuration File System.
[    6.991511] systemd[1]: Finished Load/Save Random Seed.
[    6.994145] systemd[1]: Condition check resulted in First Boot Complete being skipped.
[    7.005372] systemd[1]: Finished Set the console keyboard layout.
[    7.017581] systemd[1]: Finished Create System Users.

Armbian 23.02.0-trunk Jammy ttyS2

eaidk-610 login: 
```
